// Vitest Snapshot v1

exports[`calculate simulations-dividendes > barème couple 2 enfants 1`] = `"[200,166,34,0,106,106,0]"`;

exports[`calculate simulations-dividendes > barème couple 2 enfants 2`] = `"[20000000,11415923,3440000,5144077,10640000,10640000,48]"`;

exports[`calculate simulations-dividendes > barème couple 2 enfants 3`] = `"[200,115,34,38,106,106,36]"`;

exports[`calculate simulations-dividendes > barème couple 2 enfants 4`] = `"[20000,15045,3440,578,10640,10640,5]"`;

exports[`calculate simulations-dividendes > barème défauts 1`] = `"[200,166,34,0,106,106,0]"`;

exports[`calculate simulations-dividendes > barème défauts 2`] = `"[20000000,11379591,3440000,5180409,10640000,10640000,49]"`;

exports[`calculate simulations-dividendes > barème défauts 3`] = `"[200,113,34,45,106,106,42]"`;

exports[`calculate simulations-dividendes > barème défauts 4`] = `"[20000,13368,3440,2126,10640,10640,20]"`;

exports[`calculate simulations-dividendes > pfu 1`] = `"[200,140,34,26,120,120,0]"`;

exports[`calculate simulations-dividendes > pfu 2`] = `"[20000000,14000000,3440000,2560000,12000000,12000000,0]"`;
